<!DOCTYPE html>
<html>
    <head>
        <meta charset="utf-8">
        <meta http-equiv="X-UA-Compatible" content="IE=edge,chrome=1">
        <title></title>
        <meta name="description" content="">
        <meta name="viewport" content="width=device-width">
    </head>
    <body>
        <h1>Repeat Helper</h1>
        <h2>Repeat 4</h2>
        <p>
            <b>Hello - 0</b>
            <b>Hello - 1</b>
            <b>Hello - 2</b>
            <b>Hello - 3</b>
        </p>
        <h2>Is First</h2>
        <p>
            <b>Hello - first 0</b>
        </p>
        <h2>Is Last</h2>
        <p>
            <b>Hello - last 3</b>
        </p>
    </body>
</html>
