<html>
    <head>
        <title>Titre de la page autocontext</title>
    </head>
    <body>Contenu depuis le data autocontext</body>
</html>
