<html>
    <head>
        <title>Titre de la page context</title>
    </head>
    <body>Contenu depuis le data context</body>
</html>
