<html>
    <head>
        <title>Titre de la page</title>
    </head>
    <body>
        <h3>Variables</h3>
        <p>Contenu de la page</p>
        <h3>Include</h3>
        <p>This is a partials - Titre de la page</p>
        <p>Contenu de la page</p>
    </body>
</html>
