<html>
    <head>
        <title>Titre de la page</title>
    </head>
    <body>
        <h3>Dummy</h3>
        <p><img src="http://placehold.it/50" alt="" title="" /></p>
        <p><img src="http://placehold.it/300" alt="" title="" /></p>
        <p><img src="http://placehold.it/320x100" alt="" title="" /></p>
        <p><img src="http://placehold.it/320x100&text=placehold+image" alt="" title="" /></p>
        <p><img src="http://placehold.it/320x100/ACE539&text=placehold+image" alt="" title="" /></p>
        <p><img src="http://placehold.it/320x100/FF99EE/FFF&text=placehold+image" alt="" title="" /></p>
    </body>
</html>
